  Determining projects to restore...
  All projects are up-to-date for restore.
c:\Users\mertm\source\repos\OBS\OBS\Models\Student.cs(21,23): warning CS8618: Non-nullable property 'StudentNumber' must contain a non-null value when exiting constructor. Consider adding the 'required' modifier or declaring the property as nullable. [c:\Users\mertm\source\repos\OBS\OBS\OBS_1bi4eg4y_wpftmp.csproj]
c:\Users\mertm\source\repos\OBS\OBS\Models\Student.cs(26,23): warning CS8618: Non-nullable property 'FullName' must contain a non-null value when exiting constructor. Consider adding the 'required' modifier or declaring the property as nullable. [c:\Users\mertm\source\repos\OBS\OBS\OBS_1bi4eg4y_wpftmp.csproj]
c:\Users\mertm\source\repos\OBS\OBS\Models\Student.cs(31,23): warning CS8618: Non-nullable property 'FirstName' must contain a non-null value when exiting constructor. Consider adding the 'required' modifier or declaring the property as nullable. [c:\Users\mertm\source\repos\OBS\OBS\OBS_1bi4eg4y_wpftmp.csproj]
c:\Users\mertm\source\repos\OBS\OBS\Models\Student.cs(36,23): warning CS8618: Non-nullable property 'LastName' must contain a non-null value when exiting constructor. Consider adding the 'required' modifier or declaring the property as nullable. [c:\Users\mertm\source\repos\OBS\OBS\OBS_1bi4eg4y_wpftmp.csproj]
c:\Users\mertm\source\repos\OBS\OBS\Models\Student.cs(41,23): warning CS8618: Non-nullable property 'ClassName' must contain a non-null value when exiting constructor. Consider adding the 'required' modifier or declaring the property as nullable. [c:\Users\mertm\source\repos\OBS\OBS\OBS_1bi4eg4y_wpftmp.csproj]
c:\Users\mertm\source\repos\OBS\OBS\Models\Student.cs(46,23): warning CS8618: Non-nullable property 'Class' must contain a non-null value when exiting constructor. Consider adding the 'required' modifier or declaring the property as nullable. [c:\Users\mertm\source\repos\OBS\OBS\OBS_1bi4eg4y_wpftmp.csproj]
c:\Users\mertm\source\repos\OBS\OBS\Models\Student.cs(56,23): warning CS8618: Non-nullable property 'TcNo' must contain a non-null value when exiting constructor. Consider adding the 'required' modifier or declaring the property as nullable. [c:\Users\mertm\source\repos\OBS\OBS\OBS_1bi4eg4y_wpftmp.csproj]
c:\Users\mertm\source\repos\OBS\OBS\Models\Student.cs(66,23): warning CS8618: Non-nullable property 'Gender' must contain a non-null value when exiting constructor. Consider adding the 'required' modifier or declaring the property as nullable. [c:\Users\mertm\source\repos\OBS\OBS\OBS_1bi4eg4y_wpftmp.csproj]
c:\Users\mertm\source\repos\OBS\OBS\Models\Student.cs(72,23): warning CS8618: Non-nullable property 'PhotoPath' must contain a non-null value when exiting constructor. Consider adding the 'required' modifier or declaring the property as nullable. [c:\Users\mertm\source\repos\OBS\OBS\OBS_1bi4eg4y_wpftmp.csproj]
c:\Users\mertm\source\repos\OBS\OBS\Models\Student.cs(78,23): warning CS8618: Non-nullable property 'KunyePdfPath' must contain a non-null value when exiting constructor. Consider adding the 'required' modifier or declaring the property as nullable. [c:\Users\mertm\source\repos\OBS\OBS\OBS_1bi4eg4y_wpftmp.csproj]
c:\Users\mertm\source\repos\OBS\OBS\Models\Student.cs(93,23): warning CS8618: Non-nullable property 'GuardianName' must contain a non-null value when exiting constructor. Consider adding the 'required' modifier or declaring the property as nullable. [c:\Users\mertm\source\repos\OBS\OBS\OBS_1bi4eg4y_wpftmp.csproj]
c:\Users\mertm\source\repos\OBS\OBS\Converters\PathToImageConverter.cs(17,32): warning CS8600: Converting null literal or possible null value to non-nullable type. [c:\Users\mertm\source\repos\OBS\OBS\OBS_1bi4eg4y_wpftmp.csproj]
c:\Users\mertm\source\repos\OBS\OBS\Converters\PathToImageConverter.cs(21,24): warning CS8603: Possible null reference return. [c:\Users\mertm\source\repos\OBS\OBS\OBS_1bi4eg4y_wpftmp.csproj]
c:\Users\mertm\source\repos\OBS\OBS\Converters\PathToImageConverter.cs(48,24): warning CS8603: Possible null reference return. [c:\Users\mertm\source\repos\OBS\OBS\OBS_1bi4eg4y_wpftmp.csproj]
c:\Users\mertm\source\repos\OBS\OBS\Models\Guardian.cs(17,23): warning CS8618: Non-nullable property 'FullName' must contain a non-null value when exiting constructor. Consider adding the 'required' modifier or declaring the property as nullable. [c:\Users\mertm\source\repos\OBS\OBS\OBS_1bi4eg4y_wpftmp.csproj]
c:\Users\mertm\source\repos\OBS\OBS\Models\Guardian.cs(22,23): warning CS8618: Non-nullable property 'PhoneNumber' must contain a non-null value when exiting constructor. Consider adding the 'required' modifier or declaring the property as nullable. [c:\Users\mertm\source\repos\OBS\OBS\OBS_1bi4eg4y_wpftmp.csproj]
c:\Users\mertm\source\repos\OBS\OBS\Models\Guardian.cs(27,23): warning CS8618: Non-nullable property 'JobTitle' must contain a non-null value when exiting constructor. Consider adding the 'required' modifier or declaring the property as nullable. [c:\Users\mertm\source\repos\OBS\OBS\OBS_1bi4eg4y_wpftmp.csproj]
c:\Users\mertm\source\repos\OBS\OBS\Models\Guardian.cs(32,23): warning CS8618: Non-nullable property 'Email' must contain a non-null value when exiting constructor. Consider adding the 'required' modifier or declaring the property as nullable. [c:\Users\mertm\source\repos\OBS\OBS\OBS_1bi4eg4y_wpftmp.csproj]
c:\Users\mertm\source\repos\OBS\OBS\Views\Components\CreateTeamComponent.xaml.cs(223,44): error CS1061: 'StudentRepository' does not contain a definition for 'GetByNumber' and no accessible extension method 'GetByNumber' accepting a first argument of type 'StudentRepository' could be found (are you missing a using directive or an assembly reference?) [c:\Users\mertm\source\repos\OBS\OBS\OBS_1bi4eg4y_wpftmp.csproj]

Build FAILED.

c:\Users\mertm\source\repos\OBS\OBS\Models\Student.cs(21,23): warning CS8618: Non-nullable property 'StudentNumber' must contain a non-null value when exiting constructor. Consider adding the 'required' modifier or declaring the property as nullable. [c:\Users\mertm\source\repos\OBS\OBS\OBS_1bi4eg4y_wpftmp.csproj]
c:\Users\mertm\source\repos\OBS\OBS\Models\Student.cs(26,23): warning CS8618: Non-nullable property 'FullName' must contain a non-null value when exiting constructor. Consider adding the 'required' modifier or declaring the property as nullable. [c:\Users\mertm\source\repos\OBS\OBS\OBS_1bi4eg4y_wpftmp.csproj]
c:\Users\mertm\source\repos\OBS\OBS\Models\Student.cs(31,23): warning CS8618: Non-nullable property 'FirstName' must contain a non-null value when exiting constructor. Consider adding the 'required' modifier or declaring the property as nullable. [c:\Users\mertm\source\repos\OBS\OBS\OBS_1bi4eg4y_wpftmp.csproj]
c:\Users\mertm\source\repos\OBS\OBS\Models\Student.cs(36,23): warning CS8618: Non-nullable property 'LastName' must contain a non-null value when exiting constructor. Consider adding the 'required' modifier or declaring the property as nullable. [c:\Users\mertm\source\repos\OBS\OBS\OBS_1bi4eg4y_wpftmp.csproj]
c:\Users\mertm\source\repos\OBS\OBS\Models\Student.cs(41,23): warning CS8618: Non-nullable property 'ClassName' must contain a non-null value when exiting constructor. Consider adding the 'required' modifier or declaring the property as nullable. [c:\Users\mertm\source\repos\OBS\OBS\OBS_1bi4eg4y_wpftmp.csproj]
c:\Users\mertm\source\repos\OBS\OBS\Models\Student.cs(46,23): warning CS8618: Non-nullable property 'Class' must contain a non-null value when exiting constructor. Consider adding the 'required' modifier or declaring the property as nullable. [c:\Users\mertm\source\repos\OBS\OBS\OBS_1bi4eg4y_wpftmp.csproj]
c:\Users\mertm\source\repos\OBS\OBS\Models\Student.cs(56,23): warning CS8618: Non-nullable property 'TcNo' must contain a non-null value when exiting constructor. Consider adding the 'required' modifier or declaring the property as nullable. [c:\Users\mertm\source\repos\OBS\OBS\OBS_1bi4eg4y_wpftmp.csproj]
c:\Users\mertm\source\repos\OBS\OBS\Models\Student.cs(66,23): warning CS8618: Non-nullable property 'Gender' must contain a non-null value when exiting constructor. Consider adding the 'required' modifier or declaring the property as nullable. [c:\Users\mertm\source\repos\OBS\OBS\OBS_1bi4eg4y_wpftmp.csproj]
c:\Users\mertm\source\repos\OBS\OBS\Models\Student.cs(72,23): warning CS8618: Non-nullable property 'PhotoPath' must contain a non-null value when exiting constructor. Consider adding the 'required' modifier or declaring the property as nullable. [c:\Users\mertm\source\repos\OBS\OBS\OBS_1bi4eg4y_wpftmp.csproj]
c:\Users\mertm\source\repos\OBS\OBS\Models\Student.cs(78,23): warning CS8618: Non-nullable property 'KunyePdfPath' must contain a non-null value when exiting constructor. Consider adding the 'required' modifier or declaring the property as nullable. [c:\Users\mertm\source\repos\OBS\OBS\OBS_1bi4eg4y_wpftmp.csproj]
c:\Users\mertm\source\repos\OBS\OBS\Models\Student.cs(93,23): warning CS8618: Non-nullable property 'GuardianName' must contain a non-null value when exiting constructor. Consider adding the 'required' modifier or declaring the property as nullable. [c:\Users\mertm\source\repos\OBS\OBS\OBS_1bi4eg4y_wpftmp.csproj]
c:\Users\mertm\source\repos\OBS\OBS\Converters\PathToImageConverter.cs(17,32): warning CS8600: Converting null literal or possible null value to non-nullable type. [c:\Users\mertm\source\repos\OBS\OBS\OBS_1bi4eg4y_wpftmp.csproj]
c:\Users\mertm\source\repos\OBS\OBS\Converters\PathToImageConverter.cs(21,24): warning CS8603: Possible null reference return. [c:\Users\mertm\source\repos\OBS\OBS\OBS_1bi4eg4y_wpftmp.csproj]
c:\Users\mertm\source\repos\OBS\OBS\Converters\PathToImageConverter.cs(48,24): warning CS8603: Possible null reference return. [c:\Users\mertm\source\repos\OBS\OBS\OBS_1bi4eg4y_wpftmp.csproj]
c:\Users\mertm\source\repos\OBS\OBS\Models\Guardian.cs(17,23): warning CS8618: Non-nullable property 'FullName' must contain a non-null value when exiting constructor. Consider adding the 'required' modifier or declaring the property as nullable. [c:\Users\mertm\source\repos\OBS\OBS\OBS_1bi4eg4y_wpftmp.csproj]
c:\Users\mertm\source\repos\OBS\OBS\Models\Guardian.cs(22,23): warning CS8618: Non-nullable property 'PhoneNumber' must contain a non-null value when exiting constructor. Consider adding the 'required' modifier or declaring the property as nullable. [c:\Users\mertm\source\repos\OBS\OBS\OBS_1bi4eg4y_wpftmp.csproj]
c:\Users\mertm\source\repos\OBS\OBS\Models\Guardian.cs(27,23): warning CS8618: Non-nullable property 'JobTitle' must contain a non-null value when exiting constructor. Consider adding the 'required' modifier or declaring the property as nullable. [c:\Users\mertm\source\repos\OBS\OBS\OBS_1bi4eg4y_wpftmp.csproj]
c:\Users\mertm\source\repos\OBS\OBS\Models\Guardian.cs(32,23): warning CS8618: Non-nullable property 'Email' must contain a non-null value when exiting constructor. Consider adding the 'required' modifier or declaring the property as nullable. [c:\Users\mertm\source\repos\OBS\OBS\OBS_1bi4eg4y_wpftmp.csproj]
c:\Users\mertm\source\repos\OBS\OBS\Views\Components\CreateTeamComponent.xaml.cs(223,44): error CS1061: 'StudentRepository' does not contain a definition for 'GetByNumber' and no accessible extension method 'GetByNumber' accepting a first argument of type 'StudentRepository' could be found (are you missing a using directive or an assembly reference?) [c:\Users\mertm\source\repos\OBS\OBS\OBS_1bi4eg4y_wpftmp.csproj]
    18 Warning(s)
    1 Error(s)

Time Elapsed 00:00:01.50
