  Determining projects to restore...
  All projects are up-to-date for restore.
C:\Users\mertm\source\repos\OBS\OBS\ViewModels\MainViewModel.cs(522,13): error CS0103: The name 'IsSettingsPanelVisible' does not exist in the current context [C:\Users\mertm\source\repos\OBS\OBS\OBS_2rpldsf0_wpftmp.csproj]
C:\Users\mertm\source\repos\OBS\OBS\ViewModels\MainViewModel.cs(736,13): error CS0103: The name 'IsSettingsPanelVisible' does not exist in the current context [C:\Users\mertm\source\repos\OBS\OBS\OBS_2rpldsf0_wpftmp.csproj]

Build FAILED.

C:\Users\mertm\source\repos\OBS\OBS\ViewModels\MainViewModel.cs(522,13): error CS0103: The name 'IsSettingsPanelVisible' does not exist in the current context [C:\Users\mertm\source\repos\OBS\OBS\OBS_2rpldsf0_wpftmp.csproj]
C:\Users\mertm\source\repos\OBS\OBS\ViewModels\MainViewModel.cs(736,13): error CS0103: The name 'IsSettingsPanelVisible' does not exist in the current context [C:\Users\mertm\source\repos\OBS\OBS\OBS_2rpldsf0_wpftmp.csproj]
    0 Warning(s)
    2 Error(s)

Time Elapsed 00:00:02.11
